## test rds data from order_si_bpmv.py, setup SI override for BPMV based on xref
Insert df AccountPropertyInfo [ instrumentClass Int "10" ] [ accountSynonymType Int "38" ] [ serviceOfferingEnum Int "1" ] [ accountSynonym String "SAM99" ] [ propertyValue String "2535" ] [ subMarket String "N/A" ] [ instrumentSubClass Int "9" ] [ propertyName String "ASICINTERMEDIARYID" ] [ market String "SYDE" ] 
Insert df AccountPropertyInfo [ instrumentClass Int "10" ] [ accountSynonymType Int "38" ] [ serviceOfferingEnum Int "1" ] [ accountSynonym String "SAM99" ] [ propertyValue String "2535" ] [ subMarket String "N/A" ] [ instrumentSubClass Int "9" ] [ propertyName String "ASICINTERMEDIARYID" ] [ market String "CHIA" ] 
Insert df AccountPropertyInfo [ instrumentClass Int "10" ] [ accountSynonymType Int "38" ] [ serviceOfferingEnum Int "1" ] [ accountSynonym String "SAM99" ] [ propertyValue String "1" ] [ subMarket String "N/A" ] [ instrumentSubClass Int "9" ] [ propertyName String "ASICWHOLESALEINDICATOR" ] [ market String "SYDE" ] 
Insert df AccountPropertyInfo [ instrumentClass Int "10" ] [ accountSynonymType Int "38" ] [ serviceOfferingEnum Int "1" ] [ accountSynonym String "SAM99" ] [ propertyValue String "1" ] [ subMarket String "N/A" ] [ instrumentSubClass Int "9" ] [ propertyName String "ASICWHOLESALEINDICATOR" ] [ market String "CHIA" ] 
Insert df AccountPropertyInfo [ instrumentClass Int "10" ] [ accountSynonymType Int "38" ] [ serviceOfferingEnum Int "1" ] [ accountSynonym String "SAM99" ] [ propertyValue String "P" ] [ subMarket String "N/A" ] [ instrumentSubClass Int "9" ] [ propertyName String "PARTICIPANTCAPACITY" ] [ market String "SYDE" ] 
Insert df AccountPropertyInfo [ instrumentClass Int "10" ] [ accountSynonymType Int "38" ] [ serviceOfferingEnum Int "1" ] [ accountSynonym String "SAM99" ] [ propertyValue String "P" ] [ subMarket String "N/A" ] [ instrumentSubClass Int "9" ] [ propertyName String "PARTICIPANTCAPACITY" ] [ market String "CHIA" ] 
Insert df AccountPropertyInfo [ instrumentClass Int "10" ] [ accountSynonymType Int "38" ] [ serviceOfferingEnum Int "1" ] [ accountSynonym String "SAM99" ] [ propertyValue String "BestPriceMinValue" ] [ subMarket String "N/A" ] [ instrumentSubClass Int "9" ] [ propertyName String "SORSTRATEGYOVERRIDE" ] [ market String "SYDE" ] 
Insert df AccountPropertyInfo [ instrumentClass Int "10" ] [ accountSynonymType Int "38" ] [ serviceOfferingEnum Int "1" ] [ accountSynonym String "SAM99" ] [ propertyValue String "BestPriceMinValue" ] [ subMarket String "N/A" ] [ instrumentSubClass Int "9" ] [ propertyName String "SORSTRATEGYOVERRIDE" ] [ market String "CHIA" ] 
Insert df AccountPropertyInfo [ instrumentClass Int "10" ] [ accountSynonymType Int "38" ] [ serviceOfferingEnum Int "1" ] [ accountSynonym String "SAM99" ] [ propertyValue String "4938" ] [ subMarket String "N/A" ] [ instrumentSubClass Int "9" ] [ propertyName String "ASICORIGINOFORDER" ] [ market String "SYDE" ] 
Insert df AccountPropertyInfo [ instrumentClass Int "10" ] [ accountSynonymType Int "38" ] [ serviceOfferingEnum Int "1" ] [ accountSynonym String "SAM99" ] [ propertyValue String "4938" ] [ subMarket String "N/A" ] [ instrumentSubClass Int "9" ] [ propertyName String "ASICORIGINOFORDER" ] [ market String "CHIA" ] 
Insert df AccountPropertyInfo [ instrumentClass Int "10" ] [ accountSynonymType Int "38" ] [ serviceOfferingEnum Int "1" ] [ accountSynonym String "SAM99" ] [ propertyValue String "1003" ] [ subMarket String "N/A" ] [ instrumentSubClass Int "9" ] [ propertyName String "UCPKEY" ] [ market String "SYDE" ] 
Insert df AccountPropertyInfo [ instrumentClass Int "10" ] [ accountSynonymType Int "38" ] [ serviceOfferingEnum Int "1" ] [ accountSynonym String "SAM99" ] [ propertyValue String "1003" ] [ subMarket String "N/A" ] [ instrumentSubClass Int "9" ] [ propertyName String "UCPKEY" ] [ market String "CHIA" ] 
